I'm sorry, but errors were detected in your script. Please correct the
errors listed below, and try again.


File "game/screens.rpy", line 432: ATL statement contains two expressions in a row; is one of them a misspelled property? If not, separate them with pass.
    play sound "audio/title.wav"
               ^

Ren'Py Version: Ren'Py 8.2.1.24030407
Sun Mar 17 00:29:52 2024
